Windows PowerShell
Copyright (C) Microsoft Corporation. All rights reserved.
                                                                                                                        Install the latest PowerShell for new features and improvements! https://aka.ms/PSWindows                                                                                                                                                       PS C:\WINDOWS\system32> whoami                                                                                          bcc-nbj2w0z64\overseer
PS C:\WINDOWS\system32> net session
There are no entries in the list.

PS C:\WINDOWS\system32> Confirm-SecureBootUEFI
False
PS C:\WINDOWS\system32> (Get-ComputerInfo).BiosFirmwareType
Uefi
PS C:\WINDOWS\system32> Get-Tpm


TpmPresent                : True
TpmReady                  : True
TpmEnabled                : True
TpmActivated              : True
TpmOwned                  : True
RestartPending            : False
ManufacturerId            : 1314145024
PpiVersion                : 1.3
ManufacturerIdTxt         : NTC
ManufacturerVersion       : 7.2.3.1
ManufacturerVersionFull20 : 7.2.3.1
ManagedAuthLevel          : Full
OwnerAuth                 :
OwnerClearDisabled        : False
AutoProvisioning          : Enabled
LockedOut                 : False
LockoutHealTime           : 10 minutes
LockoutCount              : 0
LockoutMax                : 31
SelfTest                  : {}



PS C:\WINDOWS\system32> Get-Module -ListAvailable DellBiosProvider | Select-Object Name, Version, Path

Name             Version Path
----             ------- ----
DellBIOSProvider 2.9.1   C:\Program Files\WindowsPowerShell\Modules\DellBIOSProvider\2.9.1\DellBIOSProvider.psd1


PS C:\WINDOWS\system32> Get-PSDrive | Where-Object Name -eq 'DellSmbios'
PS C:\WINDOWS\system32> Get-ChildItem DellSmbios:\Security
Get-ChildItem : Cannot find drive. A drive with the name 'DellSmbios' does not exist.
At line:1 char:1
+ Get-ChildItem DellSmbios:\Security
+ ~~~~~~~~~~~~~~~~~~~~~~~~~~~~~~~~~~
    + CategoryInfo          : ObjectNotFound: (DellSmbios:String) [Get-ChildItem], DriveNotFoundException
    + FullyQualifiedErrorId : DriveNotFound,Microsoft.PowerShell.Commands.GetChildItemCommand

PS C:\WINDOWS\system32> $PSVersionTable.PSVersion

Major  Minor  Build  Revision
-----  -----  -----  --------
5      1      26100  6584


PS C:\WINDOWS\system32> Get-CimInstance -Namespace root\dcim\sysman -Classname __Namespace -ErrorAction SilentlyContinue

Name           PSComputerName
----           --------------
biosattributes
ecinterface
wmisecurity
iq
diagnostics


PS C:\WINDOWS\system32> Get-CimInstance -Namespace root\dcim\sysman -Classname DCIM_BIOSService -ErrorAction SilentlyContinue
PS C:\WINDOWS\system32> Set-Item -Path DellSmbios:\Security\SecureBoot -Value 'Enabled'
Set-Item : Cannot find drive. A drive with the name 'DellSmbios' does not exist.
At line:1 char:1
+ Set-Item -Path DellSmbios:\Security\SecureBoot -Value 'Enabled'
+ ~~~~~~~~~~~~~~~~~~~~~~~~~~~~~~~~~~~~~~~~~~~~~~~~~~~~~~~~~~~~~~~
    + CategoryInfo          : ObjectNotFound: (DellSmbios:String) [Set-Item], DriveNotFoundException
    + FullyQualifiedErrorId : DriveNotFound,Microsoft.PowerShell.Commands.SetItemCommand

PS C:\WINDOWS\system32> Import-Module DellBIOSProvider -Force -Verbose
VERBOSE: Loading module from path 'C:\Program Files\WindowsPowerShell\Modules\DellBIOSProvider\2.9.1\DellBIOSProvider.psd1'.
VERBOSE: Populating RepositorySourceLocation property for module DellBIOSProvider.
VERBOSE: Loading module from path 'C:\Program Files\WindowsPowerShell\Modules\DellBIOSProvider\2.9.1\DellBIOSProvider.psm1'.
Import-Module : File C:\Program Files\WindowsPowerShell\Modules\DellBIOSProvider\2.9.1\DellBIOSProvider.psm1 cannot be loaded because running scripts is disabled on this
system. For more information, see about_Execution_Policies at https:/go.microsoft.com/fwlink/?LinkID=135170.
At line:1 char:1
+ Import-Module DellBIOSProvider -Force -Verbose
+ ~~~~~~~~~~~~~~~~~~~~~~~~~~~~~~~~~~~~~~~~~~~~~~
    + CategoryInfo          : SecurityError: (:) [Import-Module], PSSecurityException
    + FullyQualifiedErrorId : UnauthorizedAccess,Microsoft.PowerShell.Commands.ImportModuleCommand
PS C:\WINDOWS\system32> Set-ExecutionPolicy -ExecutionPolicy Bypass -Scope Process -Force
PS C:\WINDOWS\system32> Import-Module DellBIOSProvider -Force -Verbose
VERBOSE: Loading module from path 'C:\Program Files\WindowsPowerShell\Modules\DellBIOSProvider\2.9.1\DellBIOSProvider.psd1'.
VERBOSE: Populating RepositorySourceLocation property for module DellBIOSProvider.
VERBOSE: Loading module from path 'C:\Program Files\WindowsPowerShell\Modules\DellBIOSProvider\2.9.1\DellBIOSProvider.psm1'.
VERBOSE: Exporting function 'Set-Dell1stBootdevice'.
VERBOSE: Exporting function 'Get-DellBiosSettings'.
VERBOSE: Exporting function 'Clear-DellAdminPassword'.
VERBOSE: Exporting function 'Set-DellAutoOnForSelectDays'.
VERBOSE: Importing function 'Clear-DellAdminPassword'.
VERBOSE: Importing function 'Get-DellBiosSettings'.
VERBOSE: Importing function 'Set-Dell1stBootdevice'.
VERBOSE: Importing function 'Set-DellAutoOnForSelectDays'.
VERBOSE: Loading module from path 'C:\Program Files\WindowsPowerShell\Modules\DellBIOSProvider\2.9.1\DellBIOSProvider.dll'.
VERBOSE: Starting PS provider DellSmbiosProv
VERBOSE: .NET Version: 4.0.30319.42000
VERBOSE: Performing InitializeDefaultDrives operation on the 'DellSmbiosProv'provider.
VERBOSE: Performing operation New-PSDrive for the provider DellSmbiosProv.
VERBOSE: Category 'IntelSoftwareGuardExtensions' does not contain any supported attributes.
VERBOSE: Category 'Manageability' does not contain any supported attributes.
VERBOSE: Category 'StealthModeControl' does not contain any supported attributes.
VERBOSE: Category 'AdvancedConfigurations' does not contain any supported attributes.
VERBOSE: Category 'ThermalConfiguration' does not contain any supported attributes.
VERBOSE: To get more help about the Dell Command PowerShell provider, type Get-Help DellBIOSProvider.
VERBOSE: Exporting function 'Clear-DellAdminPassword'.
VERBOSE: Exporting function 'Get-DellBiosSettings'.
VERBOSE: Exporting function 'Set-Dell1stBootdevice'.
VERBOSE: Exporting function 'Set-DellAutoOnForSelectDays'.
VERBOSE: Importing function 'Clear-DellAdminPassword'.
VERBOSE: Importing function 'Get-DellBiosSettings'.
VERBOSE: Importing function 'Set-Dell1stBootdevice'.
VERBOSE: Importing function 'Set-DellAutoOnForSelectDays'.
PS C:\WINDOWS\system32> Get-CimInstance -Namespace root\dcim\sysman -Classname DCIM_BIOSService -ErrorAction SilentlyContinue
PS C:\WINDOWS\system32> Set-Item -Path DellSmbios:\Security\SecureBoot -Value 'Enabled'
Set-Item : Attribute: 'SecureBoot' does not exist!
At line:1 char:1
+ Set-Item -Path DellSmbios:\Security\SecureBoot -Value 'Enabled'
+ ~~~~~~~~~~~~~~~~~~~~~~~~~~~~~~~~~~~~~~~~~~~~~~~~~~~~~~~~~~~~~~~
    + CategoryInfo          : ObjectNotFound: (DellSmbios:\Security\SecureBoot:String) [Set-Item], ItemNotFoundException
    + FullyQualifiedErrorId : DellSmbiosPathNotFound,Microsoft.PowerShell.Commands.SetItemCommand
PS C:\WINDOWS\system32> Set-Item -Path DellSmbios:\Security\SecureBootEnable -Value 'Enabled'
Set-Item : Attribute: 'SecureBootEnable' does not exist!
At line:1 char:1
+ Set-Item -Path DellSmbios:\Security\SecureBootEnable -Value 'Enabled'
+ ~~~~~~~~~~~~~~~~~~~~~~~~~~~~~~~~~~~~~~~~~~~~~~~~~~~~~~~~~~~~~~~~~~~~~
    + CategoryInfo          : ObjectNotFound: (DellSmbios:\Security\SecureBootEnable:String) [Set-Item], ItemNotFoundException
    + FullyQualifiedErrorId : DellSmbiosPathNotFound,Microsoft.PowerShell.Commands.SetItemCommand
PS C:\WINDOWS\system32> Get-PSDrive | ? Name -eq DellSmbios

Name           Used (GB)     Free (GB) Provider      Root                                                                                                   CurrentLocation
----           ---------     --------- --------      ----                                                                                                   ---------------
DellSmbios                             DellSmbios... DellSmbios:\


PS C:\WINDOWS\system32> Get-ChildItem DellSmbios:\ | ForEach-Object {
>> Get-ChildItem $_.PSPath -ErrorAction SilentlyContinue
>> } | Select-Object Name, PSPath
PS C:\WINDOWS\system32> Get-ChildItem DellSmbios:\ -Recurse -ErrorAction SilentlyContinue |
>> Where-Object { $_.Name, -match 'secure|boot|uefi|csm|legacy|key' } |
>> Select-Object Name, PSPath
At line:2 char:24
+ Where-Object { $_.Name, -match 'secure|boot|uefi|csm|legacy|key' } |
+                        ~
Missing expression after ','.
    + CategoryInfo          : ParserError: (:) [], ParentContainsErrorRecordException
    + FullyQualifiedErrorId : MissingExpressionAfterToken

PS C:\WINDOWS\system32> Get-ChildItem DellSmbios:\ -Recurse -ErrorAction SilentlyContinue |
>> Where-Object { $_.Name -match 'secure|boot|uefi|csm|legacy|key' } |
>> Select-Object Name, PSPath
PS C:\WINDOWS\system32> cd DellSmbios
cd : Cannot find path 'C:\WINDOWS\system32\DellSmbios' because it does not exist.
At line:1 char:1
+ cd DellSmbios
+ ~~~~~~~~~~~~~
    + CategoryInfo          : ObjectNotFound: (C:\WINDOWS\system32\DellSmbios:String) [Set-Location], ItemNotFoundException
    + FullyQualifiedErrorId : PathNotFound,Microsoft.PowerShell.Commands.SetLocationCommand

PS C:\WINDOWS\system32> cd DellSmbios:\BootSequence
PS DellSmbios:\BootSequence> cd ..
PS DellSmbios:\> dir

Category                      Description
--------                      -----------
SystemInformation             Displays information that uniquely identifies the system.
MemoryInformation             Displays non-editable information about memory.
ProcessorInformation          Displays non-editable information about processor(s).
BatteryInformation            Displays each battery with the percent charged information.
BootSequence                  Displays the attributes to configure the system boot settings.
AdvancedBootOptions           Displays the attributes to configure advanced boot settings.
BIOSSetupAdvancedMode         Displays the attributes to configure various BIOS setup advanced mode settings.
SystemConfiguration           Displays the attributes to configure devices that are integrated on the system board.
StealthModeControl            Displays the attributes to configure stealth mode settings.
MiscellaneousDevices          Displays the attributes to configure various miscellaneous onboard devices.
USBConfiguration              Displays the attributes to configure USB settings. NOTE: USB keyboard and mouse always work as defined in the BIOS setup, irrespective of ...
Video                         Displays the attributes to configure video settings.
Security                      Displays the attributes to configure the security features of the system.
TPMSecurity                   Displays the attributes to configure TPM device settings.
SecureBoot                    Displays the attributes to configure secure boot settings.
IntelSoftwareGuardExtensions  Displays the attributes to configure Intel Software Guard Extensions settings.
Performance                   Displays the attributes to configure performance related settings.
PowerManagement               Displays the attributes to configure power management settings.
POSTBehavior                  Displays the attributes to configure system's behavior after POST.
Manageability                 Displays the attributes to configure various manageability settings.
VirtualizationSupport         Displays the attributes to configure virtualization settings.
Wireless                      Displays the attributes to configure wireless devices.
Maintenance                   Displays the attributes to configure maintenance related settings.
SystemLogs                    Displays the attributes to configure system logs settings.
AdvancedConfigurations        Displays the attributes to configure various advanced settings.
SupportAssistSystemResolution Displays the attributes to configure various Support Assist settings.
ThermalConfiguration          Displays the attributes to configure various Thermal Configuration settings.
Passwords                     Displays the attributes to configure various Passwords settings.
PreEnabled                    Displays the attributes to configure various Pre-enabled settings.
UEFIvariables                 Get and Set UEFI variables.


PS DellSmbios:\> cd DellSmbios:\SecureBoot
PS DellSmbios:\SecureBoot> dir .\SecureBoot | select -ExpandProperty currentvalue
Disabled
PS DellSmbios:\SecureBoot> dir | Select Name

Name
----




PS DellSmbios:\SecureBoot> Set-Item -Path .\SecureBoot -value 'Enabled'
Set-Item : Password type Admin set presently. Provide password using –Password or –PasswordSecure parameter to validate.
At line:1 char:1
+ Set-Item -Path .\SecureBoot -value 'Enabled'
+ ~~~~~~~~~~~~~~~~~~~~~~~~~~~~~~~~~~~~~~~~~~~~
    + CategoryInfo          : SecurityError: (DellSmbios:\SecureBoot\SecureBoot:String) [Set-Item], PSSecurityException
    + FullyQualifiedErrorId : PasswordSetButNotProvided,Microsoft.PowerShell.Commands.SetItemCommand
PS DellSmbios:\SecureBoot> Set-Item -Path .\SecureBoot -value 'Enabled' -Password Stud3nt5Ru1e
PS DellSmbios:\SecureBoot> dir .\SecureBoot | select -ExpandProperty currentvalue